// Jest Snapshot v1, https://goo.gl/fbAQLP

exports[`Snapshot pipeline 1`] = `
{
  "Parameters": {
    "BootstrapVersion": {
      "Default": "/cdk-bootstrap/hnb659fds/version",
      "Description": "Version of the CDK Bootstrap resources in this environment, automatically retrieved from SSM Parameter Store. [cdk:skip]",
      "Type": "AWS::SSM::Parameter::Value<String>",
    },
  },
  "Resources": {
    "hugoPipelinehugoblog7D0C5E83": {
      "Properties": {
        "RepositoryDescription": "host the code for the hugo blog and its infrastructure",
        "RepositoryName": "hugo-blog",
      },
      "Type": "AWS::CodeCommit::Repository",
    },
    "hugoPipelinehugoblogpipelineAssetsFileAsset1D8E78EFA": {
      "Properties": {
        "Artifacts": {
          "Type": "CODEPIPELINE",
        },
        "Cache": {
          "Type": "NO_CACHE",
        },
        "Description": "Pipeline step testStack/Pipeline/Assets/testStack_hugoPipeline_dev-stage_hugo-blog-stf14c5c603AutoDeleteObjectsCustomResourceProvider_Code",
        "EncryptionKey": "alias/aws/s3",
        "Environment": {
          "ComputeType": "BUILD_GENERAL1_SMALL",
          "Image": "aws/codebuild/standard:7.0",
          "ImagePullCredentialsType": "CODEBUILD",
          "PrivilegedMode": false,
          "Type": "LINUX_CONTAINER",
        },
        "ServiceRole": {
          "Fn::GetAtt": [
            "hugoPipelinehugoblogpipelineAssetsFileRoleDEDEAD6A",
            "Arn",
          ],
        },
        "Source": {
          "BuildSpec": "{
  "version": "0.2",
  "phases": {
    "install": {
      "commands": [
        "npm install -g cdk-assets@latest"
      ]
    },
    "build": {
      "commands": [
        "cdk-assets --path \\"assembly-testStack-hugoPipeline-dev-stage/testStackhugoPipelinedevstagehugoblogstack9EF84A58.assets.json\\" --verbose publish \\"faa95a81ae7d7373f3e1f242268f904eb748d8d0fdd306e8a6fe515a1905a7d6:1234-us-east-1-62f9019c\\""
      ]
    }
  }
}",
          "Type": "CODEPIPELINE",
        },
      },
      "Type": "AWS::CodeBuild::Project",
    },
    "hugoPipelinehugoblogpipelineAssetsFileAsset2481D086E": {
      "Properties": {
        "Artifacts": {
          "Type": "CODEPIPELINE",
        },
        "Cache": {
          "Type": "NO_CACHE",
        },
        "Description": "Pipeline step testStack/Pipeline/Assets/static-hosting_SiteCertificate_CertificateRequestorFunction_Code",
        "EncryptionKey": "alias/aws/s3",
        "Environment": {
          "ComputeType": "BUILD_GENERAL1_SMALL",
          "Image": "aws/codebuild/standard:7.0",
          "ImagePullCredentialsType": "CODEBUILD",
          "PrivilegedMode": false,
          "Type": "LINUX_CONTAINER",
        },
        "ServiceRole": {
          "Fn::GetAtt": [
            "hugoPipelinehugoblogpipelineAssetsFileRoleDEDEAD6A",
            "Arn",
          ],
        },
        "Source": {
          "BuildSpec": "{
  "version": "0.2",
  "phases": {
    "install": {
      "commands": [
        "npm install -g cdk-assets@latest"
      ]
    },
    "build": {
      "commands": [
        "cdk-assets --path \\"assembly-testStack-hugoPipeline-dev-stage/testStackhugoPipelinedevstagehugoblogstack9EF84A58.assets.json\\" --verbose publish \\"b073cebcf4d61fb152a30f5a5e57a94df7f980a549fdf1a79a0b18c5750522d8:1234-us-east-1-1d0067f6\\""
      ]
    }
  }
}",
          "Type": "CODEPIPELINE",
        },
      },
      "Type": "AWS::CodeBuild::Project",
    },
    "hugoPipelinehugoblogpipelineAssetsFileAsset31D350802": {
      "Properties": {
        "Artifacts": {
          "Type": "CODEPIPELINE",
        },
        "Cache": {
          "Type": "NO_CACHE",
        },
        "Description": "Pipeline step testStack/Pipeline/Assets/static-hosting_frontend-deployment_AwsCliLayer_Code",
        "EncryptionKey": "alias/aws/s3",
        "Environment": {
          "ComputeType": "BUILD_GENERAL1_SMALL",
          "Image": "aws/codebuild/standard:7.0",
          "ImagePullCredentialsType": "CODEBUILD",
          "PrivilegedMode": false,
          "Type": "LINUX_CONTAINER",
        },
        "ServiceRole": {
          "Fn::GetAtt": [
            "hugoPipelinehugoblogpipelineAssetsFileRoleDEDEAD6A",
            "Arn",
          ],
        },
        "Source": {
          "BuildSpec": "{
  "version": "0.2",
  "phases": {
    "install": {
      "commands": [
        "npm install -g cdk-assets@latest"
      ]
    },
    "build": {
      "commands": [
        "cdk-assets --path \\"assembly-testStack-hugoPipeline-dev-stage/testStackhugoPipelinedevstagehugoblogstack9EF84A58.assets.json\\" --verbose publish \\"e2659170a0721541efa761a8d5d04d5e36cbbf691c4b15a9053002b7c825055d:1234-us-east-1-c45ef813\\""
      ]
    }
  }
}",
          "Type": "CODEPIPELINE",
        },
      },
      "Type": "AWS::CodeBuild::Project",
    },
    "hugoPipelinehugoblogpipelineAssetsFileAsset4D7DF3BEA": {
      "Properties": {
        "Artifacts": {
          "Type": "CODEPIPELINE",
        },
        "Cache": {
          "Type": "NO_CACHE",
        },
        "Description": "Pipeline step testStack/Pipeline/Assets/Custom_CDKBucketDeployment8693BB64968944B69AAFB0CC9EB8756C_Code",
        "EncryptionKey": "alias/aws/s3",
        "Environment": {
          "ComputeType": "BUILD_GENERAL1_SMALL",
          "Image": "aws/codebuild/standard:7.0",
          "ImagePullCredentialsType": "CODEBUILD",
          "PrivilegedMode": false,
          "Type": "LINUX_CONTAINER",
        },
        "ServiceRole": {
          "Fn::GetAtt": [
            "hugoPipelinehugoblogpipelineAssetsFileRoleDEDEAD6A",
            "Arn",
          ],
        },
        "Source": {
          "BuildSpec": "{
  "version": "0.2",
  "phases": {
    "install": {
      "commands": [
        "npm install -g cdk-assets@latest"
      ]
    },
    "build": {
      "commands": [
        "cdk-assets --path \\"assembly-testStack-hugoPipeline-dev-stage/testStackhugoPipelinedevstagehugoblogstack9EF84A58.assets.json\\" --verbose publish \\"3423a042b818e31c1e34a19d6689ab2e5f9b70fcbe9e71df66f241b20a200bd9:1234-us-east-1-271f97ff\\""
      ]
    }
  }
}",
          "Type": "CODEPIPELINE",
        },
      },
      "Type": "AWS::CodeBuild::Project",
    },
    "hugoPipelinehugoblogpipelineAssetsFileAsset5C51E1C6C": {
      "Properties": {
        "Artifacts": {
          "Type": "CODEPIPELINE",
        },
        "Cache": {
          "Type": "NO_CACHE",
        },
        "Description": "Pipeline step testStack/Pipeline/Assets/static-hosting_frontend-deployment_Asset1",
        "EncryptionKey": "alias/aws/s3",
        "Environment": {
          "ComputeType": "BUILD_GENERAL1_SMALL",
          "Image": "aws/codebuild/standard:7.0",
          "ImagePullCredentialsType": "CODEBUILD",
          "PrivilegedMode": false,
          "Type": "LINUX_CONTAINER",
        },
        "ServiceRole": {
          "Fn::GetAtt": [
            "hugoPipelinehugoblogpipelineAssetsFileRoleDEDEAD6A",
            "Arn",
          ],
        },
        "Source": {
          "BuildSpec": "{
  "version": "0.2",
  "phases": {
    "install": {
      "commands": [
        "npm install -g cdk-assets@latest"
      ]
    },
    "build": {
      "commands": [
        "cdk-assets --path \\"assembly-testStack-hugoPipeline-dev-stage/testStackhugoPipelinedevstagehugoblogstack9EF84A58.assets.json\\" --verbose publish \\"bd58bcd9bdc2b7a2012ec9d0708af490f52b3e2460869bb2ed674002c0d42a1c:1234-us-east-1-6c23260b\\""
      ]
    }
  }
}",
          "Type": "CODEPIPELINE",
        },
      },
      "Type": "AWS::CodeBuild::Project",
    },
    "hugoPipelinehugoblogpipelineAssetsFileAsset61D4034BD": {
      "Properties": {
        "Artifacts": {
          "Type": "CODEPIPELINE",
        },
        "Cache": {
          "Type": "NO_CACHE",
        },
        "Description": "Pipeline step testStack/Pipeline/Assets/static-hosting_frontend-deployment_Asset12",
        "EncryptionKey": "alias/aws/s3",
        "Environment": {
          "ComputeType": "BUILD_GENERAL1_SMALL",
          "Image": "aws/codebuild/standard:7.0",
          "ImagePullCredentialsType": "CODEBUILD",
          "PrivilegedMode": false,
          "Type": "LINUX_CONTAINER",
        },
        "ServiceRole": {
          "Fn::GetAtt": [
            "hugoPipelinehugoblogpipelineAssetsFileRoleDEDEAD6A",
            "Arn",
          ],
        },
        "Source": {
          "BuildSpec": "{
  "version": "0.2",
  "phases": {
    "install": {
      "commands": [
        "npm install -g cdk-assets@latest"
      ]
    },
    "build": {
      "commands": [
        "cdk-assets --path \\"assembly-testStack-hugoPipeline-prod-stage/testStackhugoPipelineprodstagehugoblogstackE7EDD29B.assets.json\\" --verbose publish \\"4692c904719ef9f36c07826f8e6dcbd9b0971104f78e9d9231023ef6eb85a7f8:1234-us-east-1-9a7c5b06\\""
      ]
    }
  }
}",
          "Type": "CODEPIPELINE",
        },
      },
      "Type": "AWS::CodeBuild::Project",
    },
    "hugoPipelinehugoblogpipelineAssetsFileRoleDEDEAD6A": {
      "Properties": {
        "AssumeRolePolicyDocument": {
          "Statement": [
            {
              "Action": "sts:AssumeRole",
              "Effect": "Allow",
              "Principal": {
                "Service": "codebuild.amazonaws.com",
              },
            },
          ],
          "Version": "2012-10-17",
        },
      },
      "Type": "AWS::IAM::Role",
    },
    "hugoPipelinehugoblogpipelineAssetsFileRoleDefaultPolicy76C07971": {
      "Properties": {
        "PolicyDocument": {
          "Statement": [
            {
              "Action": [
                "logs:CreateLogGroup",
                "logs:CreateLogStream",
                "logs:PutLogEvents",
              ],
              "Effect": "Allow",
              "Resource": {
                "Fn::Join": [
                  "",
                  [
                    "arn:",
                    {
                      "Ref": "AWS::Partition",
                    },
                    ":logs:us-east-1:1234:log-group:/aws/codebuild/*",
                  ],
                ],
              },
            },
            {
              "Action": [
                "codebuild:CreateReportGroup",
                "codebuild:CreateReport",
                "codebuild:UpdateReport",
                "codebuild:BatchPutTestCases",
                "codebuild:BatchPutCodeCoverages",
              ],
              "Effect": "Allow",
              "Resource": {
                "Fn::Join": [
                  "",
                  [
                    "arn:",
                    {
                      "Ref": "AWS::Partition",
                    },
                    ":codebuild:us-east-1:1234:report-group/*",
                  ],
                ],
              },
            },
            {
              "Action": [
                "codebuild:BatchGetBuilds",
                "codebuild:StartBuild",
                "codebuild:StopBuild",
              ],
              "Effect": "Allow",
              "Resource": "*",
            },
            {
              "Action": "sts:AssumeRole",
              "Effect": "Allow",
              "Resource": {
                "Fn::Sub": "arn:\${AWS::Partition}:iam::1234:role/cdk-hnb659fds-file-publishing-role-1234-us-east-1",
              },
            },
            {
              "Action": [
                "s3:GetObject*",
                "s3:GetBucket*",
                "s3:List*",
              ],
              "Effect": "Allow",
              "Resource": [
                {
                  "Fn::GetAtt": [
                    "hugoPipelinehugoblogpipelinePipelineArtifactsBucketDEB4CBD4",
                    "Arn",
                  ],
                },
                {
                  "Fn::Join": [
                    "",
                    [
                      {
                        "Fn::GetAtt": [
                          "hugoPipelinehugoblogpipelinePipelineArtifactsBucketDEB4CBD4",
                          "Arn",
                        ],
                      },
                      "/*",
                    ],
                  ],
                },
              ],
            },
          ],
          "Version": "2012-10-17",
        },
        "PolicyName": "hugoPipelinehugoblogpipelineAssetsFileRoleDefaultPolicy76C07971",
        "Roles": [
          {
            "Ref": "hugoPipelinehugoblogpipelineAssetsFileRoleDEDEAD6A",
          },
        ],
      },
      "Type": "AWS::IAM::Policy",
    },
    "hugoPipelinehugoblogpipelineCodeBuildActionRoleDefaultPolicy1DA60F83": {
      "Properties": {
        "PolicyDocument": {
          "Statement": [
            {
              "Action": [
                "codebuild:BatchGetBuilds",
                "codebuild:StartBuild",
                "codebuild:StopBuild",
              ],
              "Effect": "Allow",
              "Resource": {
                "Fn::GetAtt": [
                  "hugoPipelinehugoblogpipelinePipelineBuildSynthCdkBuildProject21258FA6",
                  "Arn",
                ],
              },
            },
            {
              "Action": [
                "codebuild:BatchGetBuilds",
                "codebuild:StartBuild",
                "codebuild:StopBuild",
              ],
              "Effect": "Allow",
              "Resource": {
                "Fn::GetAtt": [
                  "hugoPipelinehugoblogpipelineUpdatePipelineSelfMutation6B2A9AB4",
                  "Arn",
                ],
              },
            },
            {
              "Action": [
                "codebuild:BatchGetBuilds",
                "codebuild:StartBuild",
                "codebuild:StopBuild",
              ],
              "Effect": "Allow",
              "Resource": {
                "Fn::GetAtt": [
                  "hugoPipelinehugoblogpipelineAssetsFileAsset1D8E78EFA",
                  "Arn",
                ],
              },
            },
            {
              "Action": [
                "codebuild:BatchGetBuilds",
                "codebuild:StartBuild",
                "codebuild:StopBuild",
              ],
              "Effect": "Allow",
              "Resource": {
                "Fn::GetAtt": [
                  "hugoPipelinehugoblogpipelineAssetsFileAsset2481D086E",
                  "Arn",
                ],
              },
            },
            {
              "Action": [
                "codebuild:BatchGetBuilds",
                "codebuild:StartBuild",
                "codebuild:StopBuild",
              ],
              "Effect": "Allow",
              "Resource": {
                "Fn::GetAtt": [
                  "hugoPipelinehugoblogpipelineAssetsFileAsset31D350802",
                  "Arn",
                ],
              },
            },
            {
              "Action": [
                "codebuild:BatchGetBuilds",
                "codebuild:StartBuild",
                "codebuild:StopBuild",
              ],
              "Effect": "Allow",
              "Resource": {
                "Fn::GetAtt": [
                  "hugoPipelinehugoblogpipelineAssetsFileAsset4D7DF3BEA",
                  "Arn",
                ],
              },
            },
            {
              "Action": [
                "codebuild:BatchGetBuilds",
                "codebuild:StartBuild",
                "codebuild:StopBuild",
              ],
              "Effect": "Allow",
              "Resource": {
                "Fn::GetAtt": [
                  "hugoPipelinehugoblogpipelineAssetsFileAsset5C51E1C6C",
                  "Arn",
                ],
              },
            },
            {
              "Action": [
                "codebuild:BatchGetBuilds",
                "codebuild:StartBuild",
                "codebuild:StopBuild",
              ],
              "Effect": "Allow",
              "Resource": {
                "Fn::GetAtt": [
                  "hugoPipelinehugoblogpipelineAssetsFileAsset61D4034BD",
                  "Arn",
                ],
              },
            },
            {
              "Action": [
                "codebuild:BatchGetBuilds",
                "codebuild:StartBuild",
                "codebuild:StopBuild",
              ],
              "Effect": "Allow",
              "Resource": {
                "Fn::GetAtt": [
                  "hugoPipelinehugoblogpipelinePipelinedevstageHitDevEndpoint4EACEF67",
                  "Arn",
                ],
              },
            },
            {
              "Action": [
                "codebuild:BatchGetBuilds",
                "codebuild:StartBuild",
                "codebuild:StopBuild",
              ],
              "Effect": "Allow",
              "Resource": {
                "Fn::GetAtt": [
                  "hugoPipelinehugoblogpipelinePipelineprodstageHitProdEndpointE4BC66D2",
                  "Arn",
                ],
              },
            },
          ],
          "Version": "2012-10-17",
        },
        "PolicyName": "hugoPipelinehugoblogpipelineCodeBuildActionRoleDefaultPolicy1DA60F83",
        "Roles": [
          {
            "Ref": "hugoPipelinehugoblogpipelineCodeBuildActionRoleF21F60B4",
          },
        ],
      },
      "Type": "AWS::IAM::Policy",
    },
    "hugoPipelinehugoblogpipelineCodeBuildActionRoleF21F60B4": {
      "Properties": {
        "AssumeRolePolicyDocument": {
          "Statement": [
            {
              "Action": "sts:AssumeRole",
              "Effect": "Allow",
              "Principal": {
                "AWS": {
                  "Fn::GetAtt": [
                    "hugoPipelinehugoblogpipelinePipelineRoleF157B64B",
                    "Arn",
                  ],
                },
              },
            },
          ],
          "Version": "2012-10-17",
        },
      },
      "Type": "AWS::IAM::Role",
    },
    "hugoPipelinehugoblogpipelinePipeline8A9312D1": {
      "DependsOn": [
        "hugoPipelinehugoblogpipelinePipelineRoleDefaultPolicy3F090419",
        "hugoPipelinehugoblogpipelinePipelineRoleF157B64B",
      ],
      "Properties": {
        "ArtifactStore": {
          "Location": {
            "Ref": "hugoPipelinehugoblogpipelinePipelineArtifactsBucketDEB4CBD4",
          },
          "Type": "S3",
        },
        "PipelineType": "V1",
        "RestartExecutionOnUpdate": true,
        "RoleArn": {
          "Fn::GetAtt": [
            "hugoPipelinehugoblogpipelinePipelineRoleF157B64B",
            "Arn",
          ],
        },
        "Stages": [
          {
            "Actions": [
              {
                "ActionTypeId": {
                  "Category": "Source",
                  "Owner": "AWS",
                  "Provider": "CodeCommit",
                  "Version": "1",
                },
                "Configuration": {
                  "BranchName": "master",
                  "OutputArtifactFormat": "CODEBUILD_CLONE_REF",
                  "PollForSourceChanges": false,
                  "RepositoryName": {
                    "Fn::GetAtt": [
                      "hugoPipelinehugoblog7D0C5E83",
                      "Name",
                    ],
                  },
                },
                "Name": {
                  "Fn::GetAtt": [
                    "hugoPipelinehugoblog7D0C5E83",
                    "Name",
                  ],
                },
                "OutputArtifacts": [
                  {
                    "Name": "c8b366227eba344b839eafbef74db3d1de218bdc5e_Source",
                  },
                ],
                "RoleArn": {
                  "Fn::GetAtt": [
                    "hugoPipelinehugoblogpipelinePipelineSourceCodeCommitCodePipelineActionRole5B716531",
                    "Arn",
                  ],
                },
                "RunOrder": 1,
              },
            ],
            "Name": "Source",
          },
          {
            "Actions": [
              {
                "ActionTypeId": {
                  "Category": "Build",
                  "Owner": "AWS",
                  "Provider": "CodeBuild",
                  "Version": "1",
                },
                "Configuration": {
                  "EnvironmentVariables": "[{"name":"_PROJECT_CONFIG_HASH","type":"PLAINTEXT","value":"f669c013067bdbb51cb28cd710385f4aafecf3e1f65162815d65b91bdc4625a2"}]",
                  "ProjectName": {
                    "Ref": "hugoPipelinehugoblogpipelinePipelineBuildSynthCdkBuildProject21258FA6",
                  },
                },
                "InputArtifacts": [
                  {
                    "Name": "c8b366227eba344b839eafbef74db3d1de218bdc5e_Source",
                  },
                ],
                "Name": "Synth",
                "OutputArtifacts": [
                  {
                    "Name": "Synth_Output",
                  },
                ],
                "RoleArn": {
                  "Fn::GetAtt": [
                    "hugoPipelinehugoblogpipelineCodeBuildActionRoleF21F60B4",
                    "Arn",
                  ],
                },
                "RunOrder": 1,
              },
            ],
            "Name": "Build",
          },
          {
            "Actions": [
              {
                "ActionTypeId": {
                  "Category": "Build",
                  "Owner": "AWS",
                  "Provider": "CodeBuild",
                  "Version": "1",
                },
                "Configuration": {
                  "EnvironmentVariables": "[{"name":"_PROJECT_CONFIG_HASH","type":"PLAINTEXT","value":"f5780468a946c103dd32b466f1932fa47dfb33612c96e9f40f9725e32e5e4278"}]",
                  "ProjectName": {
                    "Ref": "hugoPipelinehugoblogpipelineUpdatePipelineSelfMutation6B2A9AB4",
                  },
                },
                "InputArtifacts": [
                  {
                    "Name": "Synth_Output",
                  },
                ],
                "Name": "SelfMutate",
                "RoleArn": {
                  "Fn::GetAtt": [
                    "hugoPipelinehugoblogpipelineCodeBuildActionRoleF21F60B4",
                    "Arn",
                  ],
                },
                "RunOrder": 1,
              },
            ],
            "Name": "UpdatePipeline",
          },
          {
            "Actions": [
              {
                "ActionTypeId": {
                  "Category": "Build",
                  "Owner": "AWS",
                  "Provider": "CodeBuild",
                  "Version": "1",
                },
                "Configuration": {
                  "ProjectName": {
                    "Ref": "hugoPipelinehugoblogpipelineAssetsFileAsset1D8E78EFA",
                  },
                },
                "InputArtifacts": [
                  {
                    "Name": "Synth_Output",
                  },
                ],
                "Name": "testStack_hugoPipeline_dev-stage_hugo-blog-stf14c5c603AutoDeleteObjectsCustomResourceProvider_Code",
                "RoleArn": {
                  "Fn::GetAtt": [
                    "hugoPipelinehugoblogpipelineCodeBuildActionRoleF21F60B4",
                    "Arn",
                  ],
                },
                "RunOrder": 1,
              },
              {
                "ActionTypeId": {
                  "Category": "Build",
                  "Owner": "AWS",
                  "Provider": "CodeBuild",
                  "Version": "1",
                },
                "Configuration": {
                  "ProjectName": {
                    "Ref": "hugoPipelinehugoblogpipelineAssetsFileAsset2481D086E",
                  },
                },
                "InputArtifacts": [
                  {
                    "Name": "Synth_Output",
                  },
                ],
                "Name": "static-hosting_SiteCertificate_CertificateRequestorFunction_Code",
                "RoleArn": {
                  "Fn::GetAtt": [
                    "hugoPipelinehugoblogpipelineCodeBuildActionRoleF21F60B4",
                    "Arn",
                  ],
                },
                "RunOrder": 1,
              },
              {
                "ActionTypeId": {
                  "Category": "Build",
                  "Owner": "AWS",
                  "Provider": "CodeBuild",
                  "Version": "1",
                },
                "Configuration": {
                  "ProjectName": {
                    "Ref": "hugoPipelinehugoblogpipelineAssetsFileAsset31D350802",
                  },
                },
                "InputArtifacts": [
                  {
                    "Name": "Synth_Output",
                  },
                ],
                "Name": "static-hosting_frontend-deployment_AwsCliLayer_Code",
                "RoleArn": {
                  "Fn::GetAtt": [
                    "hugoPipelinehugoblogpipelineCodeBuildActionRoleF21F60B4",
                    "Arn",
                  ],
                },
                "RunOrder": 1,
              },
              {
                "ActionTypeId": {
                  "Category": "Build",
                  "Owner": "AWS",
                  "Provider": "CodeBuild",
                  "Version": "1",
                },
                "Configuration": {
                  "ProjectName": {
                    "Ref": "hugoPipelinehugoblogpipelineAssetsFileAsset4D7DF3BEA",
                  },
                },
                "InputArtifacts": [
                  {
                    "Name": "Synth_Output",
                  },
                ],
                "Name": "Custom_CDKBucketDeployment8693BB64968944B69AAFB0CC9EB8756C_Code",
                "RoleArn": {
                  "Fn::GetAtt": [
                    "hugoPipelinehugoblogpipelineCodeBuildActionRoleF21F60B4",
                    "Arn",
                  ],
                },
                "RunOrder": 1,
              },
              {
                "ActionTypeId": {
                  "Category": "Build",
                  "Owner": "AWS",
                  "Provider": "CodeBuild",
                  "Version": "1",
                },
                "Configuration": {
                  "ProjectName": {
                    "Ref": "hugoPipelinehugoblogpipelineAssetsFileAsset5C51E1C6C",
                  },
                },
                "InputArtifacts": [
                  {
                    "Name": "Synth_Output",
                  },
                ],
                "Name": "static-hosting_frontend-deployment_Asset1",
                "RoleArn": {
                  "Fn::GetAtt": [
                    "hugoPipelinehugoblogpipelineCodeBuildActionRoleF21F60B4",
                    "Arn",
                  ],
                },
                "RunOrder": 1,
              },
              {
                "ActionTypeId": {
                  "Category": "Build",
                  "Owner": "AWS",
                  "Provider": "CodeBuild",
                  "Version": "1",
                },
                "Configuration": {
                  "ProjectName": {
                    "Ref": "hugoPipelinehugoblogpipelineAssetsFileAsset61D4034BD",
                  },
                },
                "InputArtifacts": [
                  {
                    "Name": "Synth_Output",
                  },
                ],
                "Name": "static-hosting_frontend-deployment_Asset12",
                "RoleArn": {
                  "Fn::GetAtt": [
                    "hugoPipelinehugoblogpipelineCodeBuildActionRoleF21F60B4",
                    "Arn",
                  ],
                },
                "RunOrder": 1,
              },
            ],
            "Name": "Assets",
          },
          {
            "Actions": [
              {
                "ActionTypeId": {
                  "Category": "Deploy",
                  "Owner": "AWS",
                  "Provider": "CloudFormation",
                  "Version": "1",
                },
                "Configuration": {
                  "ActionMode": "CHANGE_SET_REPLACE",
                  "Capabilities": "CAPABILITY_NAMED_IAM,CAPABILITY_AUTO_EXPAND",
                  "ChangeSetName": "PipelineChange",
                  "RoleArn": {
                    "Fn::Join": [
                      "",
                      [
                        "arn:",
                        {
                          "Ref": "AWS::Partition",
                        },
                        ":iam::1234:role/cdk-hnb659fds-cfn-exec-role-1234-us-east-1",
                      ],
                    ],
                  },
                  "StackName": "dev-stage-hugo-blog-stack",
                  "TemplatePath": "Synth_Output::assembly-testStack-hugoPipeline-dev-stage/testStackhugoPipelinedevstagehugoblogstack9EF84A58.template.json",
                },
                "InputArtifacts": [
                  {
                    "Name": "Synth_Output",
                  },
                ],
                "Name": "hugo-blog-stack.Prepare",
                "RoleArn": {
                  "Fn::Join": [
                    "",
                    [
                      "arn:",
                      {
                        "Ref": "AWS::Partition",
                      },
                      ":iam::1234:role/cdk-hnb659fds-deploy-role-1234-us-east-1",
                    ],
                  ],
                },
                "RunOrder": 1,
              },
              {
                "ActionTypeId": {
                  "Category": "Deploy",
                  "Owner": "AWS",
                  "Provider": "CloudFormation",
                  "Version": "1",
                },
                "Configuration": {
                  "ActionMode": "CHANGE_SET_EXECUTE",
                  "ChangeSetName": "PipelineChange",
                  "StackName": "dev-stage-hugo-blog-stack",
                },
                "Name": "hugo-blog-stack.Deploy",
                "Namespace": "testStackhugoPipelinedevstagehugoblogstack9EF84A58",
                "RoleArn": {
                  "Fn::Join": [
                    "",
                    [
                      "arn:",
                      {
                        "Ref": "AWS::Partition",
                      },
                      ":iam::1234:role/cdk-hnb659fds-deploy-role-1234-us-east-1",
                    ],
                  ],
                },
                "RunOrder": 2,
              },
              {
                "ActionTypeId": {
                  "Category": "Build",
                  "Owner": "AWS",
                  "Provider": "CodeBuild",
                  "Version": "1",
                },
                "Configuration": {
                  "EnvironmentVariables": "[{"name":"URL","type":"PLAINTEXT","value":"#{testStackhugoPipelinedevstagehugoblogstack9EF84A58.statichostingSite57EAD3D7}"}]",
                  "ProjectName": {
                    "Ref": "hugoPipelinehugoblogpipelinePipelinedevstageHitDevEndpoint4EACEF67",
                  },
                },
                "InputArtifacts": [
                  {
                    "Name": "c8b366227eba344b839eafbef74db3d1de218bdc5e_Source",
                  },
                ],
                "Name": "HitDevEndpoint",
                "RoleArn": {
                  "Fn::GetAtt": [
                    "hugoPipelinehugoblogpipelineCodeBuildActionRoleF21F60B4",
                    "Arn",
                  ],
                },
                "RunOrder": 3,
              },
            ],
            "Name": "dev-stage",
          },
          {
            "Actions": [
              {
                "ActionTypeId": {
                  "Category": "Approval",
                  "Owner": "AWS",
                  "Provider": "Manual",
                  "Version": "1",
                },
                "Name": "PromoteToProd",
                "RoleArn": {
                  "Fn::GetAtt": [
                    "hugoPipelinehugoblogpipelinePipelineprodstagePromoteToProdCodePipelineActionRoleD4971B49",
                    "Arn",
                  ],
                },
                "RunOrder": 1,
              },
              {
                "ActionTypeId": {
                  "Category": "Deploy",
                  "Owner": "AWS",
                  "Provider": "CloudFormation",
                  "Version": "1",
                },
                "Configuration": {
                  "ActionMode": "CHANGE_SET_REPLACE",
                  "Capabilities": "CAPABILITY_NAMED_IAM,CAPABILITY_AUTO_EXPAND",
                  "ChangeSetName": "PipelineChange",
                  "RoleArn": {
                    "Fn::Join": [
                      "",
                      [
                        "arn:",
                        {
                          "Ref": "AWS::Partition",
                        },
                        ":iam::1234:role/cdk-hnb659fds-cfn-exec-role-1234-us-east-1",
                      ],
                    ],
                  },
                  "StackName": "prod-stage-hugo-blog-stack",
                  "TemplatePath": "Synth_Output::assembly-testStack-hugoPipeline-prod-stage/testStackhugoPipelineprodstagehugoblogstackE7EDD29B.template.json",
                },
                "InputArtifacts": [
                  {
                    "Name": "Synth_Output",
                  },
                ],
                "Name": "hugo-blog-stack.Prepare",
                "RoleArn": {
                  "Fn::Join": [
                    "",
                    [
                      "arn:",
                      {
                        "Ref": "AWS::Partition",
                      },
                      ":iam::1234:role/cdk-hnb659fds-deploy-role-1234-us-east-1",
                    ],
                  ],
                },
                "RunOrder": 2,
              },
              {
                "ActionTypeId": {
                  "Category": "Deploy",
                  "Owner": "AWS",
                  "Provider": "CloudFormation",
                  "Version": "1",
                },
                "Configuration": {
                  "ActionMode": "CHANGE_SET_EXECUTE",
                  "ChangeSetName": "PipelineChange",
                  "StackName": "prod-stage-hugo-blog-stack",
                },
                "Name": "hugo-blog-stack.Deploy",
                "Namespace": "testStackhugoPipelineprodstagehugoblogstackE7EDD29B",
                "RoleArn": {
                  "Fn::Join": [
                    "",
                    [
                      "arn:",
                      {
                        "Ref": "AWS::Partition",
                      },
                      ":iam::1234:role/cdk-hnb659fds-deploy-role-1234-us-east-1",
                    ],
                  ],
                },
                "RunOrder": 3,
              },
              {
                "ActionTypeId": {
                  "Category": "Build",
                  "Owner": "AWS",
                  "Provider": "CodeBuild",
                  "Version": "1",
                },
                "Configuration": {
                  "EnvironmentVariables": "[{"name":"URL","type":"PLAINTEXT","value":"#{testStackhugoPipelineprodstagehugoblogstackE7EDD29B.statichostingSite57EAD3D7}"}]",
                  "ProjectName": {
                    "Ref": "hugoPipelinehugoblogpipelinePipelineprodstageHitProdEndpointE4BC66D2",
                  },
                },
                "InputArtifacts": [
                  {
                    "Name": "c8b366227eba344b839eafbef74db3d1de218bdc5e_Source",
                  },
                ],
                "Name": "HitProdEndpoint",
                "RoleArn": {
                  "Fn::GetAtt": [
                    "hugoPipelinehugoblogpipelineCodeBuildActionRoleF21F60B4",
                    "Arn",
                  ],
                },
                "RunOrder": 4,
              },
            ],
            "Name": "prod-stage",
          },
        ],
      },
      "Type": "AWS::CodePipeline::Pipeline",
    },
    "hugoPipelinehugoblogpipelinePipelineArtifactsBucketDEB4CBD4": {
      "DeletionPolicy": "Retain",
      "Properties": {
        "BucketEncryption": {
          "ServerSideEncryptionConfiguration": [
            {
              "ServerSideEncryptionByDefault": {
                "SSEAlgorithm": "aws:kms",
              },
            },
          ],
        },
        "PublicAccessBlockConfiguration": {
          "BlockPublicAcls": true,
          "BlockPublicPolicy": true,
          "IgnorePublicAcls": true,
          "RestrictPublicBuckets": true,
        },
      },
      "Type": "AWS::S3::Bucket",
      "UpdateReplacePolicy": "Retain",
    },
    "hugoPipelinehugoblogpipelinePipelineArtifactsBucketPolicy294F150C": {
      "Properties": {
        "Bucket": {
          "Ref": "hugoPipelinehugoblogpipelinePipelineArtifactsBucketDEB4CBD4",
        },
        "PolicyDocument": {
          "Statement": [
            {
              "Action": "s3:*",
              "Condition": {
                "Bool": {
                  "aws:SecureTransport": "false",
                },
              },
              "Effect": "Deny",
              "Principal": {
                "AWS": "*",
              },
              "Resource": [
                {
                  "Fn::GetAtt": [
                    "hugoPipelinehugoblogpipelinePipelineArtifactsBucketDEB4CBD4",
                    "Arn",
                  ],
                },
                {
                  "Fn::Join": [
                    "",
                    [
                      {
                        "Fn::GetAtt": [
                          "hugoPipelinehugoblogpipelinePipelineArtifactsBucketDEB4CBD4",
                          "Arn",
                        ],
                      },
                      "/*",
                    ],
                  ],
                },
              ],
            },
            {
              "Action": [
                "s3:GetObject*",
                "s3:GetBucket*",
                "s3:List*",
              ],
              "Effect": "Allow",
              "Principal": {
                "AWS": {
                  "Fn::Join": [
                    "",
                    [
                      "arn:",
                      {
                        "Ref": "AWS::Partition",
                      },
                      ":iam::1234:role/cdk-hnb659fds-deploy-role-1234-us-east-1",
                    ],
                  ],
                },
              },
              "Resource": [
                {
                  "Fn::GetAtt": [
                    "hugoPipelinehugoblogpipelinePipelineArtifactsBucketDEB4CBD4",
                    "Arn",
                  ],
                },
                {
                  "Fn::Join": [
                    "",
                    [
                      {
                        "Fn::GetAtt": [
                          "hugoPipelinehugoblogpipelinePipelineArtifactsBucketDEB4CBD4",
                          "Arn",
                        ],
                      },
                      "/*",
                    ],
                  ],
                },
              ],
            },
          ],
          "Version": "2012-10-17",
        },
      },
      "Type": "AWS::S3::BucketPolicy",
    },
    "hugoPipelinehugoblogpipelinePipelineBuildSynthCdkBuildProject21258FA6": {
      "Properties": {
        "Artifacts": {
          "Type": "CODEPIPELINE",
        },
        "Cache": {
          "Type": "NO_CACHE",
        },
        "Description": "Pipeline step testStack/Pipeline/Build/Synth",
        "EncryptionKey": "alias/aws/s3",
        "Environment": {
          "ComputeType": "BUILD_GENERAL1_SMALL",
          "Image": "aws/codebuild/standard:7.0",
          "ImagePullCredentialsType": "CODEBUILD",
          "PrivilegedMode": true,
          "Type": "LINUX_CONTAINER",
        },
        "ServiceRole": {
          "Fn::GetAtt": [
            "hugoPipelinehugoblogpipelinePipelineBuildSynthCdkBuildProjectRoleFBB1FB6C",
            "Arn",
          ],
        },
        "Source": {
          "BuildSpec": "{
  "version": "0.2",
  "phases": {
    "build": {
      "commands": [
        "n 20",
        "node --version",
        "pwd && ls -la",
        "test -f package-lock.json && npm ci || echo \\"NO package-lock.json file found\\"",
        "test -f yarn.lock && yarn install --check-files --frozen-lockfile || echo \\"NO yarn.lock file found\\"",
        "test -f .gitmodules && git submodule update --init",
        "npm run build",
        "npm run synth"
      ]
    }
  },
  "artifacts": {
    "base-directory": "cdk.out",
    "files": "**/*"
  }
}",
          "Type": "CODEPIPELINE",
        },
      },
      "Type": "AWS::CodeBuild::Project",
    },
    "hugoPipelinehugoblogpipelinePipelineBuildSynthCdkBuildProjectRoleDefaultPolicyB916929E": {
      "Properties": {
        "PolicyDocument": {
          "Statement": [
            {
              "Action": [
                "logs:CreateLogGroup",
                "logs:CreateLogStream",
                "logs:PutLogEvents",
              ],
              "Effect": "Allow",
              "Resource": [
                {
                  "Fn::Join": [
                    "",
                    [
                      "arn:",
                      {
                        "Ref": "AWS::Partition",
                      },
                      ":logs:us-east-1:1234:log-group:/aws/codebuild/",
                      {
                        "Ref": "hugoPipelinehugoblogpipelinePipelineBuildSynthCdkBuildProject21258FA6",
                      },
                    ],
                  ],
                },
                {
                  "Fn::Join": [
                    "",
                    [
                      "arn:",
                      {
                        "Ref": "AWS::Partition",
                      },
                      ":logs:us-east-1:1234:log-group:/aws/codebuild/",
                      {
                        "Ref": "hugoPipelinehugoblogpipelinePipelineBuildSynthCdkBuildProject21258FA6",
                      },
                      ":*",
                    ],
                  ],
                },
              ],
            },
            {
              "Action": [
                "codebuild:CreateReportGroup",
                "codebuild:CreateReport",
                "codebuild:UpdateReport",
                "codebuild:BatchPutTestCases",
                "codebuild:BatchPutCodeCoverages",
              ],
              "Effect": "Allow",
              "Resource": {
                "Fn::Join": [
                  "",
                  [
                    "arn:",
                    {
                      "Ref": "AWS::Partition",
                    },
                    ":codebuild:us-east-1:1234:report-group/",
                    {
                      "Ref": "hugoPipelinehugoblogpipelinePipelineBuildSynthCdkBuildProject21258FA6",
                    },
                    "-*",
                  ],
                ],
              },
            },
            {
              "Action": [
                "s3:GetObject*",
                "s3:GetBucket*",
                "s3:List*",
                "s3:DeleteObject*",
                "s3:PutObject",
                "s3:PutObjectLegalHold",
                "s3:PutObjectRetention",
                "s3:PutObjectTagging",
                "s3:PutObjectVersionTagging",
                "s3:Abort*",
              ],
              "Effect": "Allow",
              "Resource": [
                {
                  "Fn::GetAtt": [
                    "hugoPipelinehugoblogpipelinePipelineArtifactsBucketDEB4CBD4",
                    "Arn",
                  ],
                },
                {
                  "Fn::Join": [
                    "",
                    [
                      {
                        "Fn::GetAtt": [
                          "hugoPipelinehugoblogpipelinePipelineArtifactsBucketDEB4CBD4",
                          "Arn",
                        ],
                      },
                      "/*",
                    ],
                  ],
                },
              ],
            },
            {
              "Action": "codecommit:GitPull",
              "Effect": "Allow",
              "Resource": {
                "Fn::GetAtt": [
                  "hugoPipelinehugoblog7D0C5E83",
                  "Arn",
                ],
              },
            },
          ],
          "Version": "2012-10-17",
        },
        "PolicyName": "hugoPipelinehugoblogpipelinePipelineBuildSynthCdkBuildProjectRoleDefaultPolicyB916929E",
        "Roles": [
          {
            "Ref": "hugoPipelinehugoblogpipelinePipelineBuildSynthCdkBuildProjectRoleFBB1FB6C",
          },
        ],
      },
      "Type": "AWS::IAM::Policy",
    },
    "hugoPipelinehugoblogpipelinePipelineBuildSynthCdkBuildProjectRoleFBB1FB6C": {
      "Properties": {
        "AssumeRolePolicyDocument": {
          "Statement": [
            {
              "Action": "sts:AssumeRole",
              "Effect": "Allow",
              "Principal": {
                "Service": "codebuild.amazonaws.com",
              },
            },
          ],
          "Version": "2012-10-17",
        },
      },
      "Type": "AWS::IAM::Role",
    },
    "hugoPipelinehugoblogpipelinePipelineEventsRole15DEB179": {
      "Properties": {
        "AssumeRolePolicyDocument": {
          "Statement": [
            {
              "Action": "sts:AssumeRole",
              "Effect": "Allow",
              "Principal": {
                "Service": "events.amazonaws.com",
              },
            },
          ],
          "Version": "2012-10-17",
        },
      },
      "Type": "AWS::IAM::Role",
    },
    "hugoPipelinehugoblogpipelinePipelineEventsRoleDefaultPolicy1BFBEB83": {
      "Properties": {
        "PolicyDocument": {
          "Statement": [
            {
              "Action": "codepipeline:StartPipelineExecution",
              "Effect": "Allow",
              "Resource": {
                "Fn::Join": [
                  "",
                  [
                    "arn:",
                    {
                      "Ref": "AWS::Partition",
                    },
                    ":codepipeline:us-east-1:1234:",
                    {
                      "Ref": "hugoPipelinehugoblogpipelinePipeline8A9312D1",
                    },
                  ],
                ],
              },
            },
          ],
          "Version": "2012-10-17",
        },
        "PolicyName": "hugoPipelinehugoblogpipelinePipelineEventsRoleDefaultPolicy1BFBEB83",
        "Roles": [
          {
            "Ref": "hugoPipelinehugoblogpipelinePipelineEventsRole15DEB179",
          },
        ],
      },
      "Type": "AWS::IAM::Policy",
    },
    "hugoPipelinehugoblogpipelinePipelineRoleDefaultPolicy3F090419": {
      "Properties": {
        "PolicyDocument": {
          "Statement": [
            {
              "Action": [
                "s3:GetObject*",
                "s3:GetBucket*",
                "s3:List*",
                "s3:DeleteObject*",
                "s3:PutObject",
                "s3:PutObjectLegalHold",
                "s3:PutObjectRetention",
                "s3:PutObjectTagging",
                "s3:PutObjectVersionTagging",
                "s3:Abort*",
              ],
              "Effect": "Allow",
              "Resource": [
                {
                  "Fn::GetAtt": [
                    "hugoPipelinehugoblogpipelinePipelineArtifactsBucketDEB4CBD4",
                    "Arn",
                  ],
                },
                {
                  "Fn::Join": [
                    "",
                    [
                      {
                        "Fn::GetAtt": [
                          "hugoPipelinehugoblogpipelinePipelineArtifactsBucketDEB4CBD4",
                          "Arn",
                        ],
                      },
                      "/*",
                    ],
                  ],
                },
              ],
            },
            {
              "Action": "sts:AssumeRole",
              "Effect": "Allow",
              "Resource": {
                "Fn::GetAtt": [
                  "hugoPipelinehugoblogpipelinePipelineSourceCodeCommitCodePipelineActionRole5B716531",
                  "Arn",
                ],
              },
            },
            {
              "Action": "sts:AssumeRole",
              "Effect": "Allow",
              "Resource": {
                "Fn::GetAtt": [
                  "hugoPipelinehugoblogpipelineCodeBuildActionRoleF21F60B4",
                  "Arn",
                ],
              },
            },
            {
              "Action": "sts:AssumeRole",
              "Effect": "Allow",
              "Resource": {
                "Fn::Join": [
                  "",
                  [
                    "arn:",
                    {
                      "Ref": "AWS::Partition",
                    },
                    ":iam::1234:role/cdk-hnb659fds-deploy-role-1234-us-east-1",
                  ],
                ],
              },
            },
            {
              "Action": "sts:AssumeRole",
              "Effect": "Allow",
              "Resource": {
                "Fn::GetAtt": [
                  "hugoPipelinehugoblogpipelinePipelineprodstagePromoteToProdCodePipelineActionRoleD4971B49",
                  "Arn",
                ],
              },
            },
          ],
          "Version": "2012-10-17",
        },
        "PolicyName": "hugoPipelinehugoblogpipelinePipelineRoleDefaultPolicy3F090419",
        "Roles": [
          {
            "Ref": "hugoPipelinehugoblogpipelinePipelineRoleF157B64B",
          },
        ],
      },
      "Type": "AWS::IAM::Policy",
    },
    "hugoPipelinehugoblogpipelinePipelineRoleF157B64B": {
      "Properties": {
        "AssumeRolePolicyDocument": {
          "Statement": [
            {
              "Action": "sts:AssumeRole",
              "Effect": "Allow",
              "Principal": {
                "Service": "codepipeline.amazonaws.com",
              },
            },
          ],
          "Version": "2012-10-17",
        },
      },
      "Type": "AWS::IAM::Role",
    },
    "hugoPipelinehugoblogpipelinePipelineSourceCodeCommitCodePipelineActionRole5B716531": {
      "Properties": {
        "AssumeRolePolicyDocument": {
          "Statement": [
            {
              "Action": "sts:AssumeRole",
              "Effect": "Allow",
              "Principal": {
                "AWS": {
                  "Fn::GetAtt": [
                    "hugoPipelinehugoblogpipelinePipelineRoleF157B64B",
                    "Arn",
                  ],
                },
              },
            },
          ],
          "Version": "2012-10-17",
        },
      },
      "Type": "AWS::IAM::Role",
    },
    "hugoPipelinehugoblogpipelinePipelineSourceCodeCommitCodePipelineActionRoleDefaultPolicy7EAD2134": {
      "Properties": {
        "PolicyDocument": {
          "Statement": [
            {
              "Action": [
                "s3:GetObject*",
                "s3:GetBucket*",
                "s3:List*",
                "s3:DeleteObject*",
                "s3:PutObject",
                "s3:PutObjectLegalHold",
                "s3:PutObjectRetention",
                "s3:PutObjectTagging",
                "s3:PutObjectVersionTagging",
                "s3:Abort*",
              ],
              "Effect": "Allow",
              "Resource": [
                {
                  "Fn::GetAtt": [
                    "hugoPipelinehugoblogpipelinePipelineArtifactsBucketDEB4CBD4",
                    "Arn",
                  ],
                },
                {
                  "Fn::Join": [
                    "",
                    [
                      {
                        "Fn::GetAtt": [
                          "hugoPipelinehugoblogpipelinePipelineArtifactsBucketDEB4CBD4",
                          "Arn",
                        ],
                      },
                      "/*",
                    ],
                  ],
                },
              ],
            },
            {
              "Action": [
                "codecommit:GetBranch",
                "codecommit:GetCommit",
                "codecommit:UploadArchive",
                "codecommit:GetUploadArchiveStatus",
                "codecommit:CancelUploadArchive",
                "codecommit:GetRepository",
              ],
              "Effect": "Allow",
              "Resource": {
                "Fn::GetAtt": [
                  "hugoPipelinehugoblog7D0C5E83",
                  "Arn",
                ],
              },
            },
          ],
          "Version": "2012-10-17",
        },
        "PolicyName": "hugoPipelinehugoblogpipelinePipelineSourceCodeCommitCodePipelineActionRoleDefaultPolicy7EAD2134",
        "Roles": [
          {
            "Ref": "hugoPipelinehugoblogpipelinePipelineSourceCodeCommitCodePipelineActionRole5B716531",
          },
        ],
      },
      "Type": "AWS::IAM::Policy",
    },
    "hugoPipelinehugoblogpipelinePipelinedevstageHitDevEndpoint4EACEF67": {
      "Properties": {
        "Artifacts": {
          "Type": "CODEPIPELINE",
        },
        "Cache": {
          "Type": "NO_CACHE",
        },
        "Description": "Pipeline step testStack/Pipeline/dev-stage/HitDevEndpoint",
        "EncryptionKey": "alias/aws/s3",
        "Environment": {
          "ComputeType": "BUILD_GENERAL1_SMALL",
          "Image": "aws/codebuild/standard:7.0",
          "ImagePullCredentialsType": "CODEBUILD",
          "PrivilegedMode": false,
          "Type": "LINUX_CONTAINER",
        },
        "ServiceRole": {
          "Fn::GetAtt": [
            "hugoPipelinehugoblogpipelinePipelinedevstageHitDevEndpointRoleB8416E3C",
            "Arn",
          ],
        },
        "Source": {
          "BuildSpec": "{
  "version": "0.2",
  "phases": {
    "build": {
      "commands": [
        "curl -sSfL -H \\"Authorization: Basic am9objpkb2U=\\" $URL -o /dev/null"
      ]
    }
  }
}",
          "Type": "CODEPIPELINE",
        },
      },
      "Type": "AWS::CodeBuild::Project",
    },
    "hugoPipelinehugoblogpipelinePipelinedevstageHitDevEndpointRoleB8416E3C": {
      "Properties": {
        "AssumeRolePolicyDocument": {
          "Statement": [
            {
              "Action": "sts:AssumeRole",
              "Effect": "Allow",
              "Principal": {
                "Service": "codebuild.amazonaws.com",
              },
            },
          ],
          "Version": "2012-10-17",
        },
      },
      "Type": "AWS::IAM::Role",
    },
    "hugoPipelinehugoblogpipelinePipelinedevstageHitDevEndpointRoleDefaultPolicy0618214A": {
      "Properties": {
        "PolicyDocument": {
          "Statement": [
            {
              "Action": [
                "logs:CreateLogGroup",
                "logs:CreateLogStream",
                "logs:PutLogEvents",
              ],
              "Effect": "Allow",
              "Resource": [
                {
                  "Fn::Join": [
                    "",
                    [
                      "arn:",
                      {
                        "Ref": "AWS::Partition",
                      },
                      ":logs:us-east-1:1234:log-group:/aws/codebuild/",
                      {
                        "Ref": "hugoPipelinehugoblogpipelinePipelinedevstageHitDevEndpoint4EACEF67",
                      },
                    ],
                  ],
                },
                {
                  "Fn::Join": [
                    "",
                    [
                      "arn:",
                      {
                        "Ref": "AWS::Partition",
                      },
                      ":logs:us-east-1:1234:log-group:/aws/codebuild/",
                      {
                        "Ref": "hugoPipelinehugoblogpipelinePipelinedevstageHitDevEndpoint4EACEF67",
                      },
                      ":*",
                    ],
                  ],
                },
              ],
            },
            {
              "Action": [
                "codebuild:CreateReportGroup",
                "codebuild:CreateReport",
                "codebuild:UpdateReport",
                "codebuild:BatchPutTestCases",
                "codebuild:BatchPutCodeCoverages",
              ],
              "Effect": "Allow",
              "Resource": {
                "Fn::Join": [
                  "",
                  [
                    "arn:",
                    {
                      "Ref": "AWS::Partition",
                    },
                    ":codebuild:us-east-1:1234:report-group/",
                    {
                      "Ref": "hugoPipelinehugoblogpipelinePipelinedevstageHitDevEndpoint4EACEF67",
                    },
                    "-*",
                  ],
                ],
              },
            },
            {
              "Action": [
                "s3:GetObject*",
                "s3:GetBucket*",
                "s3:List*",
              ],
              "Effect": "Allow",
              "Resource": [
                {
                  "Fn::GetAtt": [
                    "hugoPipelinehugoblogpipelinePipelineArtifactsBucketDEB4CBD4",
                    "Arn",
                  ],
                },
                {
                  "Fn::Join": [
                    "",
                    [
                      {
                        "Fn::GetAtt": [
                          "hugoPipelinehugoblogpipelinePipelineArtifactsBucketDEB4CBD4",
                          "Arn",
                        ],
                      },
                      "/*",
                    ],
                  ],
                },
              ],
            },
            {
              "Action": "codecommit:GitPull",
              "Effect": "Allow",
              "Resource": {
                "Fn::GetAtt": [
                  "hugoPipelinehugoblog7D0C5E83",
                  "Arn",
                ],
              },
            },
          ],
          "Version": "2012-10-17",
        },
        "PolicyName": "hugoPipelinehugoblogpipelinePipelinedevstageHitDevEndpointRoleDefaultPolicy0618214A",
        "Roles": [
          {
            "Ref": "hugoPipelinehugoblogpipelinePipelinedevstageHitDevEndpointRoleB8416E3C",
          },
        ],
      },
      "Type": "AWS::IAM::Policy",
    },
    "hugoPipelinehugoblogpipelinePipelineprodstageHitProdEndpointE4BC66D2": {
      "Properties": {
        "Artifacts": {
          "Type": "CODEPIPELINE",
        },
        "Cache": {
          "Type": "NO_CACHE",
        },
        "Description": "Pipeline step testStack/Pipeline/prod-stage/HitProdEndpoint",
        "EncryptionKey": "alias/aws/s3",
        "Environment": {
          "ComputeType": "BUILD_GENERAL1_SMALL",
          "Image": "aws/codebuild/standard:7.0",
          "ImagePullCredentialsType": "CODEBUILD",
          "PrivilegedMode": false,
          "Type": "LINUX_CONTAINER",
        },
        "ServiceRole": {
          "Fn::GetAtt": [
            "hugoPipelinehugoblogpipelinePipelineprodstageHitProdEndpointRole19521C7E",
            "Arn",
          ],
        },
        "Source": {
          "BuildSpec": "{
  "version": "0.2",
  "phases": {
    "build": {
      "commands": [
        "curl -sSfL $URL -o /dev/null"
      ]
    }
  }
}",
          "Type": "CODEPIPELINE",
        },
      },
      "Type": "AWS::CodeBuild::Project",
    },
    "hugoPipelinehugoblogpipelinePipelineprodstageHitProdEndpointRole19521C7E": {
      "Properties": {
        "AssumeRolePolicyDocument": {
          "Statement": [
            {
              "Action": "sts:AssumeRole",
              "Effect": "Allow",
              "Principal": {
                "Service": "codebuild.amazonaws.com",
              },
            },
          ],
          "Version": "2012-10-17",
        },
      },
      "Type": "AWS::IAM::Role",
    },
    "hugoPipelinehugoblogpipelinePipelineprodstageHitProdEndpointRoleDefaultPolicy235E59CF": {
      "Properties": {
        "PolicyDocument": {
          "Statement": [
            {
              "Action": [
                "logs:CreateLogGroup",
                "logs:CreateLogStream",
                "logs:PutLogEvents",
              ],
              "Effect": "Allow",
              "Resource": [
                {
                  "Fn::Join": [
                    "",
                    [
                      "arn:",
                      {
                        "Ref": "AWS::Partition",
                      },
                      ":logs:us-east-1:1234:log-group:/aws/codebuild/",
                      {
                        "Ref": "hugoPipelinehugoblogpipelinePipelineprodstageHitProdEndpointE4BC66D2",
                      },
                    ],
                  ],
                },
                {
                  "Fn::Join": [
                    "",
                    [
                      "arn:",
                      {
                        "Ref": "AWS::Partition",
                      },
                      ":logs:us-east-1:1234:log-group:/aws/codebuild/",
                      {
                        "Ref": "hugoPipelinehugoblogpipelinePipelineprodstageHitProdEndpointE4BC66D2",
                      },
                      ":*",
                    ],
                  ],
                },
              ],
            },
            {
              "Action": [
                "codebuild:CreateReportGroup",
                "codebuild:CreateReport",
                "codebuild:UpdateReport",
                "codebuild:BatchPutTestCases",
                "codebuild:BatchPutCodeCoverages",
              ],
              "Effect": "Allow",
              "Resource": {
                "Fn::Join": [
                  "",
                  [
                    "arn:",
                    {
                      "Ref": "AWS::Partition",
                    },
                    ":codebuild:us-east-1:1234:report-group/",
                    {
                      "Ref": "hugoPipelinehugoblogpipelinePipelineprodstageHitProdEndpointE4BC66D2",
                    },
                    "-*",
                  ],
                ],
              },
            },
            {
              "Action": [
                "s3:GetObject*",
                "s3:GetBucket*",
                "s3:List*",
              ],
              "Effect": "Allow",
              "Resource": [
                {
                  "Fn::GetAtt": [
                    "hugoPipelinehugoblogpipelinePipelineArtifactsBucketDEB4CBD4",
                    "Arn",
                  ],
                },
                {
                  "Fn::Join": [
                    "",
                    [
                      {
                        "Fn::GetAtt": [
                          "hugoPipelinehugoblogpipelinePipelineArtifactsBucketDEB4CBD4",
                          "Arn",
                        ],
                      },
                      "/*",
                    ],
                  ],
                },
              ],
            },
            {
              "Action": "codecommit:GitPull",
              "Effect": "Allow",
              "Resource": {
                "Fn::GetAtt": [
                  "hugoPipelinehugoblog7D0C5E83",
                  "Arn",
                ],
              },
            },
          ],
          "Version": "2012-10-17",
        },
        "PolicyName": "hugoPipelinehugoblogpipelinePipelineprodstageHitProdEndpointRoleDefaultPolicy235E59CF",
        "Roles": [
          {
            "Ref": "hugoPipelinehugoblogpipelinePipelineprodstageHitProdEndpointRole19521C7E",
          },
        ],
      },
      "Type": "AWS::IAM::Policy",
    },
    "hugoPipelinehugoblogpipelinePipelineprodstagePromoteToProdCodePipelineActionRoleD4971B49": {
      "Properties": {
        "AssumeRolePolicyDocument": {
          "Statement": [
            {
              "Action": "sts:AssumeRole",
              "Effect": "Allow",
              "Principal": {
                "AWS": {
                  "Fn::GetAtt": [
                    "hugoPipelinehugoblogpipelinePipelineRoleF157B64B",
                    "Arn",
                  ],
                },
              },
            },
          ],
          "Version": "2012-10-17",
        },
      },
      "Type": "AWS::IAM::Role",
    },
    "hugoPipelinehugoblogpipelineUpdatePipelineSelfMutation6B2A9AB4": {
      "Properties": {
        "Artifacts": {
          "Type": "CODEPIPELINE",
        },
        "Cache": {
          "Type": "NO_CACHE",
        },
        "Description": "Pipeline step testStack/Pipeline/UpdatePipeline/SelfMutate",
        "EncryptionKey": "alias/aws/s3",
        "Environment": {
          "ComputeType": "BUILD_GENERAL1_SMALL",
          "Image": "aws/codebuild/standard:7.0",
          "ImagePullCredentialsType": "CODEBUILD",
          "PrivilegedMode": false,
          "Type": "LINUX_CONTAINER",
        },
        "ServiceRole": {
          "Fn::GetAtt": [
            "hugoPipelinehugoblogpipelineUpdatePipelineSelfMutationRole09D074C2",
            "Arn",
          ],
        },
        "Source": {
          "BuildSpec": "{
  "version": "0.2",
  "phases": {
    "install": {
      "commands": [
        "npm install -g aws-cdk@2"
      ]
    },
    "build": {
      "commands": [
        "cdk -a . deploy testStack --require-approval=never --verbose"
      ]
    }
  }
}",
          "Type": "CODEPIPELINE",
        },
      },
      "Type": "AWS::CodeBuild::Project",
    },
    "hugoPipelinehugoblogpipelineUpdatePipelineSelfMutationRole09D074C2": {
      "Properties": {
        "AssumeRolePolicyDocument": {
          "Statement": [
            {
              "Action": "sts:AssumeRole",
              "Effect": "Allow",
              "Principal": {
                "Service": "codebuild.amazonaws.com",
              },
            },
          ],
          "Version": "2012-10-17",
        },
      },
      "Type": "AWS::IAM::Role",
    },
    "hugoPipelinehugoblogpipelineUpdatePipelineSelfMutationRoleDefaultPolicy1371E305": {
      "Properties": {
        "PolicyDocument": {
          "Statement": [
            {
              "Action": [
                "logs:CreateLogGroup",
                "logs:CreateLogStream",
                "logs:PutLogEvents",
              ],
              "Effect": "Allow",
              "Resource": [
                {
                  "Fn::Join": [
                    "",
                    [
                      "arn:",
                      {
                        "Ref": "AWS::Partition",
                      },
                      ":logs:us-east-1:1234:log-group:/aws/codebuild/",
                      {
                        "Ref": "hugoPipelinehugoblogpipelineUpdatePipelineSelfMutation6B2A9AB4",
                      },
                    ],
                  ],
                },
                {
                  "Fn::Join": [
                    "",
                    [
                      "arn:",
                      {
                        "Ref": "AWS::Partition",
                      },
                      ":logs:us-east-1:1234:log-group:/aws/codebuild/",
                      {
                        "Ref": "hugoPipelinehugoblogpipelineUpdatePipelineSelfMutation6B2A9AB4",
                      },
                      ":*",
                    ],
                  ],
                },
              ],
            },
            {
              "Action": [
                "codebuild:CreateReportGroup",
                "codebuild:CreateReport",
                "codebuild:UpdateReport",
                "codebuild:BatchPutTestCases",
                "codebuild:BatchPutCodeCoverages",
              ],
              "Effect": "Allow",
              "Resource": {
                "Fn::Join": [
                  "",
                  [
                    "arn:",
                    {
                      "Ref": "AWS::Partition",
                    },
                    ":codebuild:us-east-1:1234:report-group/",
                    {
                      "Ref": "hugoPipelinehugoblogpipelineUpdatePipelineSelfMutation6B2A9AB4",
                    },
                    "-*",
                  ],
                ],
              },
            },
            {
              "Action": "sts:AssumeRole",
              "Condition": {
                "ForAnyValue:StringEquals": {
                  "iam:ResourceTag/aws-cdk:bootstrap-role": [
                    "image-publishing",
                    "file-publishing",
                    "deploy",
                  ],
                },
              },
              "Effect": "Allow",
              "Resource": "arn:*:iam::1234:role/*",
            },
            {
              "Action": "cloudformation:DescribeStacks",
              "Effect": "Allow",
              "Resource": "*",
            },
            {
              "Action": "s3:ListBucket",
              "Effect": "Allow",
              "Resource": "*",
            },
            {
              "Action": [
                "s3:GetObject*",
                "s3:GetBucket*",
                "s3:List*",
              ],
              "Effect": "Allow",
              "Resource": [
                {
                  "Fn::GetAtt": [
                    "hugoPipelinehugoblogpipelinePipelineArtifactsBucketDEB4CBD4",
                    "Arn",
                  ],
                },
                {
                  "Fn::Join": [
                    "",
                    [
                      {
                        "Fn::GetAtt": [
                          "hugoPipelinehugoblogpipelinePipelineArtifactsBucketDEB4CBD4",
                          "Arn",
                        ],
                      },
                      "/*",
                    ],
                  ],
                },
              ],
            },
          ],
          "Version": "2012-10-17",
        },
        "PolicyName": "hugoPipelinehugoblogpipelineUpdatePipelineSelfMutationRoleDefaultPolicy1371E305",
        "Roles": [
          {
            "Ref": "hugoPipelinehugoblogpipelineUpdatePipelineSelfMutationRole09D074C2",
          },
        ],
      },
      "Type": "AWS::IAM::Policy",
    },
    "hugoPipelinehugoblogtestStackhugoPipelinehugoblogpipelinePipeline8C507B2BEventRuleDF85C8BD": {
      "Properties": {
        "EventPattern": {
          "detail": {
            "event": [
              "referenceCreated",
              "referenceUpdated",
            ],
            "referenceName": [
              "master",
            ],
          },
          "detail-type": [
            "CodeCommit Repository State Change",
          ],
          "resources": [
            {
              "Fn::GetAtt": [
                "hugoPipelinehugoblog7D0C5E83",
                "Arn",
              ],
            },
          ],
          "source": [
            "aws.codecommit",
          ],
        },
        "State": "ENABLED",
        "Targets": [
          {
            "Arn": {
              "Fn::Join": [
                "",
                [
                  "arn:",
                  {
                    "Ref": "AWS::Partition",
                  },
                  ":codepipeline:us-east-1:1234:",
                  {
                    "Ref": "hugoPipelinehugoblogpipelinePipeline8A9312D1",
                  },
                ],
              ],
            },
            "Id": "Target0",
            "RoleArn": {
              "Fn::GetAtt": [
                "hugoPipelinehugoblogpipelinePipelineEventsRole15DEB179",
                "Arn",
              ],
            },
          },
        ],
      },
      "Type": "AWS::Events::Rule",
    },
  },
  "Rules": {
    "CheckBootstrapVersion": {
      "Assertions": [
        {
          "Assert": {
            "Fn::Not": [
              {
                "Fn::Contains": [
                  [
                    "1",
                    "2",
                    "3",
                    "4",
                    "5",
                  ],
                  {
                    "Ref": "BootstrapVersion",
                  },
                ],
              },
            ],
          },
          "AssertDescription": "CDK bootstrap stack version 6 required. Please run 'cdk bootstrap' with a recent version of the CDK CLI.",
        },
      ],
    },
  },
}
`;
